1
   FREQUENCY  RELATIVE    NUMBER  WORDS IN     VOCAB      WORD  PERC. OF  PERC. OF  PERC. OF
             FREQUENCY      SUCH FREQUENCY     TOTAL     TOTAL     VOCAB     WORDS WORDS IN FREQ.
 
           1   0.00731      2492      2492      2492      2492     59.15     18.23     18.23         
           2   0.01463       665      1330      3157      3822     74.93     27.95      9.73         
           3   0.02194       308       924      3465      4746     82.25     34.71      6.76         
           4   0.02926       171       684      3636      5430     86.30     39.72      5.00         
           5   0.03657       119       595      3755      6025     89.13     44.07      4.35         
           6   0.04389        80       480      3835      6505     91.03     47.58      3.51         
           7   0.05120        53       371      3888      6876     92.29     50.29      2.71         
           8   0.05851        50       400      3938      7276     93.47     53.22      2.93         
           9   0.06583        38       342      3976      7618     94.37     55.72      2.50         
          10   0.07314        29       290      4005      7908     95.06     57.84      2.12         
          11   0.08046        33       363      4038      8271     95.85     60.50      2.66         
          12   0.08777        20       240      4058      8511     96.32     62.25      1.76         
          13   0.09508        16       208      4074      8719     96.70     63.77      1.52         
          14   0.10240         8       112      4082      8831     96.89     64.59      0.82         
          15   0.10971        13       195      4095      9026     97.20     66.02      1.43         
          16   0.11703        12       192      4107      9218     97.48     67.42      1.40         
          17   0.12434         8       136      4115      9354     97.67     68.42      0.99         
          18   0.13166         7       126      4122      9480     97.84     69.34      0.92         
          19   0.13897        11       209      4133      9689     98.10     70.87      1.53         
          20   0.14628         2        40      4135      9729     98.15     71.16      0.29         
          21   0.15360         8       168      4143      9897     98.34     72.39      1.23         
          22   0.16091         4        88      4147      9985     98.43     73.03      0.64         
          23   0.16823         3        69      4150     10054     98.50     73.54      0.50         
          24   0.17554         4        96      4154     10150     98.60     74.24      0.70         
          25   0.18286         5       125      4159     10275     98.72     75.15      0.91         
          26   0.19017         2        52      4161     10327     98.77     75.53      0.38         
          27   0.19748         6       162      4167     10489     98.91     76.72      1.18         
          28   0.20480         3        84      4170     10573     98.98     77.33      0.61         
          29   0.21211         1        29      4171     10602     99.00     77.55      0.21         
          30   0.21943         2        60      4173     10662     99.05     77.98      0.44         
          32   0.23406         1        32      4174     10694     99.07     78.22      0.23         
          33   0.24137         2        66      4176     10760     99.12     78.70      0.48         
          35   0.25600         1        35      4177     10795     99.15     78.96      0.26         
          36   0.26331         1        36      4178     10831     99.17     79.22      0.26         
          37   0.27063         4       148      4182     10979     99.26     80.30      1.08         
          38   0.27794         1        38      4183     11017     99.29     80.58      0.28         
          40   0.29257         1        40      4184     11057     99.31     80.87      0.29         
          42   0.30720         4       168      4188     11225     99.41     82.10      1.23         
          43   0.31451         1        43      4189     11268     99.43     82.42      0.31         
          45   0.32914         3       135      4192     11403     99.50     83.40      0.99         
          46   0.33645         1        46      4193     11449     99.53     83.74      0.34         
          47   0.34377         2        94      4195     11543     99.57     84.43      0.69         
          51   0.37303         2       102      4197     11645     99.62     85.17      0.75         
          53   0.38765         3       159      4200     11804     99.69     86.34      1.16         
          55   0.40228         1        55      4201     11859     99.72     86.74      0.40         
          56   0.40960         1        56      4202     11915     99.74     87.15      0.41         
          59   0.43154         2       118      4204     12033     99.79     88.01      0.86         
          60   0.43885         1        60      4205     12093     99.81     88.45      0.44         
          68   0.49737         2       136      4207     12229     99.86     89.45      0.99         
          69   0.50468         1        69      4208     12298     99.88     89.95      0.50         
          73   0.53394         1        73      4209     12371     99.91     90.48      0.53         
         130   0.95085         1       130      4210     12501     99.93     91.44      0.95         
         157   1.14833         1       157      4211     12658     99.95     92.58      1.15         
         298   2.17964         1       298      4212     12956     99.98     94.76      2.18         
         716   5.23698         1       716      4213     13672    100.00    100.00      5.24         
 
 TYPE/TOKEN RATIO:0.30815
1
 TOTAL WORDS READ      =    13672
 TOTAL WORDS SELECTED  =    13672
 TOTAL WORDS PICKED    =    13672
 TOTAL WORDS SAMPLED   =    13672
 TOTAL WORDS KEPT      =    13672
 TOTAL VOCABULARY      =     4213
